8fb00000 T _TTB_BASE
8fc00000 T _start
8fc00200 T _nufront_serial_no
8fc00300 t _undefined_instruction
8fc00304 t _software_interrupt
8fc00308 t _prefetch_abort
8fc0030c t _data_abort
8fc00310 t _not_used
8fc00314 t _irq
8fc00318 t _fiq
8fc00320 t _TEXT_BASE
8fc00324 T _armboot_start
8fc00328 T _xloader_boot_mode
8fc0032c T _bss_start
8fc00330 T _bss_end
8fc00334 T start_code
8fc0034c t relocate
8fc0036c t copy_loop
8fc0037c t stack_setup
8fc0038c t clear_bss
8fc00398 t clbss_l
8fc003b0 t _start_armboot
8fc003b4 T _wfi_asm
8fc003b8 T _InitCache
8fc003e4 t way_loop
8fc003e8 t set_loop
8fc00460 T undefined_instruction
8fc004c0 T software_interrupt
8fc00520 T prefetch_abort
8fc00580 T data_abort
8fc005e0 T not_used
8fc00640 T irq
8fc006a0 T fiq
8fc006f8 T init_mmu
8fc00730 t init_ttb_ddr
8fc00748 t init_ttb_fault1
8fc00760 t init_ttb_device
8fc00774 t init_ttb_fault2
8fc00800 T enable_interrupts
8fc00804 T disable_interrupts
8fc0080c T bad_mode
8fc00820 T show_regs
8fc0095c T do_undefined_instruction
8fc00988 T do_software_interrupt
8fc009b4 T do_prefetch_abort
8fc009e0 T do_data_abort
8fc00a0c T do_not_used
8fc00a38 T do_fiq
8fc00a64 T do_irq
8fc00a90 t display_banner
8fc00ae0 t display_dram_config
8fc00b24 t init_baudrate
8fc00b80 T __coloured_LED_init
8fc00b80 T coloured_LED_init
8fc00b84 T __red_LED_on
8fc00b84 T red_LED_on
8fc00b88 T __red_LED_off
8fc00b88 T red_LED_off
8fc00b8c T __green_LED_on
8fc00b8c T green_LED_on
8fc00b90 T __green_LED_off
8fc00b90 T green_LED_off
8fc00b94 T __yellow_LED_on
8fc00b94 T yellow_LED_on
8fc00b98 T __yellow_LED_off
8fc00b98 T yellow_LED_off
8fc00b9c T __blue_LED_on
8fc00b9c T blue_LED_on
8fc00ba0 T __blue_LED_off
8fc00ba0 T blue_LED_off
8fc00ba4 T hang
8fc00bb8 T start_armboot
8fc010ec T eth_parse_enetaddr
8fc01144 T eth_getenv_enetaddr
8fc011a0 T eth_setenv_enetaddr
8fc011d4 T eth_getenv_enetaddr_by_index
8fc01218 W cpu_eth_init
8fc01218 t __def_eth_init
8fc01220 T eth_get_dev
8fc01230 T eth_get_dev_by_name
8fc01284 T eth_get_dev_by_index
8fc012d0 T eth_get_dev_index
8fc01314 T eth_register
8fc0139c T eth_initialize
8fc01574 T eth_halt
8fc015a4 T eth_send
8fc015dc T eth_rx
8fc01600 T eth_try_another
8fc016b4 T eth_init
8fc01798 T eth_set_current
8fc01834 T eth_get_name
8fc01854 t startAgainTimeout
8fc01868 t startAgainHandler
8fc0186c t NetCopyIP
8fc01874 t PingTimeout
8fc01890 t PingHandler
8fc018c8 T NetStartAgain
8fc019ac T NetSetHandler
8fc019bc T NetSetTimeout
8fc019ec T NetSendPacket
8fc019f0 T NetCksum
8fc01a20 T NetCksumOk
8fc01a40 T NetEthHdrSize
8fc01a78 T NetSetEther
8fc01b08 T ArpRequest
8fc01c10 T ArpTimeoutCheck
8fc01c80 T PingSend
8fc01db4 T NetReceive
8fc023e4 T NetSetIP
8fc024c8 T NetSendUDPPacket
8fc02634 T copy_filename
8fc0267c T ip_to_string
8fc026b4 T string_to_ip
8fc02718 T VLAN_to_string
8fc0275c T string_to_VLAN
8fc027ac T getenv_IPaddr
8fc027bc T getenv_VLAN
8fc027cc T NetLoop
8fc02bcc t RarpHandler
8fc02c18 T RarpRequest
8fc02d08 t RarpTimeout
8fc02d4c t TftpSend
8fc02edc t TftpHandler
8fc031c0 t TftpTimeout
8fc03224 T TftpStart
8fc034bc t BootpHandler
8fc03958 T BootpRequest
8fc03b6c t BootpTimeout
8fc03bb0 t calc_divisor.isra.0
8fc03bd8 T serial_init
8fc03bf8 T _serial_putc
8fc03c30 T _serial_putc_raw
8fc03c4c T _serial_puts
8fc03c74 T _serial_getc
8fc03c90 T _serial_tstc
8fc03ca4 T _serial_setbrg
8fc03ccc T serial_putc
8fc03cd8 T serial_putc_raw
8fc03ce4 T serial_puts
8fc03cec T serial_getc
8fc03cf4 T serial_tstc
8fc03cfc T serial_setbrg
8fc03d04 T NS16550_init
8fc03d4c T NS16550_reinit
8fc03d98 T NS16550_putc
8fc03db0 T NS16550_getc
8fc03dc4 T NS16550_tstc
8fc03dd0 T do_bdinfo
8fc03eb8 T do_bmp
8fc04018 T gunzip_bmp
8fc04020 W do_go_exec
8fc04030 T do_go
8fc040a4 t __fswab32
8fc040ac t do_bootm_rtems
8fc040ec t do_bootm_netbsd
8fc04218 t image_get_size.isra.7
8fc0421c t bootm_load_os.isra.11
8fc043ac T __board_lmb_reserve
8fc043ac W board_lmb_reserve
8fc043b0 T __arch_lmb_reserve
8fc043b0 W arch_lmb_reserve
8fc043b4 t bootm_start.isra.13
8fc0477c T __arch_preboot_os
8fc0477c W arch_preboot_os
8fc04780 T do_bootm_subcommand
8fc04958 T do_bootm
8fc04c48 t bringup_g_sensor
8fc04cc0 t bringup_ec
8fc04d54 t bringup_e_sensor
8fc04e24 t do_bringup
8fc04f28 T do_ext4_load
8fc05264 T do_ext4_ls
8fc053c4 T do_fat_fsinfo
8fc054a0 T do_fat_fsload
8fc05634 T do_fat_ls
8fc05740 t bin_data_init
8fc0575c t load_serial_ymodem
8fc05840 t getcxmodem
8fc05860 t bin_data_char
8fc05888 T send_pad
8fc058b8 T ktrans
8fc058e0 T chk1
8fc05908 T s1_sendpacket
8fc05930 T send_ack
8fc0598c T send_nack
8fc059e8 T k_data_init
8fc05a00 T k_data_save
8fc05a24 T k_data_restore
8fc05a48 T k_data_char
8fc05a9c T handle_send_packet
8fc05c60 T do_load_serial_bin
8fc060c8 T do_mem_loop
8fc061b4 T do_mem_md
8fc06288 T do_mem_base
8fc062c8 T do_mem_mtest
8fc06890 T do_mem_mw
8fc0694c T do_mem_cmp
8fc06aec t mod_mem.part.2
8fc06c34 T do_mem_mm
8fc06c58 T do_mem_cp
8fc06d28 T do_mem_crc
8fc06dd0 T do_mem_nm
8fc06df4 T mem_cmp
8fc06e6c T do_mmc
8fc07300 t netboot_common
8fc075f4 T do_bootp
8fc07600 T do_tftpb
8fc0760c T do_rarpb
8fc07618 T do_ping
8fc076a0 T ns2815_pmic_poweroff
8fc0772c T ns2815_pmic_reset
8fc0781c T do_ns115
8fc0b598 T do_saveenv
8fc0b5c4 T get_env_id
8fc0b5d4 T envmatch
8fc0b63c t printenv
8fc0b72c T do_printenv
8fc0b7bc T _do_setenv
8fc0bbd0 T setenv
8fc0bc0c T do_setenv
8fc0bc34 T getenv
8fc0bca0 T getenv_r
8fc0bd58 T source
8fc0be88 T do_source
8fc0bef4 t do_autoscr
8fc0bf2c T do_usbboot
8fc0c2bc T usb_get_class_desc
8fc0c37c T usb_display_class_sub
8fc0c500 T usb_display_string
8fc0c53c T usb_display_desc
8fc0c674 T usb_display_conf_desc
8fc0c720 T usb_display_if_desc
8fc0c7a8 T usb_display_ep_desc
8fc0c864 T usb_display_config
8fc0c8e0 T usb_show_tree_graph
8fc0cb08 T usb_show_tree
8fc0cb38 T do_usb
8fc0cff4 T do_version
8fc0d014 T do_echo
8fc0d0a4 T do_exit
8fc0d0e0 T do_test
8fc0d554 T var_complete
8fc0d5d4 T find_cmd_tbl
8fc0d66c T find_cmd
8fc0d694 T cmd_usage
8fc0d6f4 T _do_help
8fc0d874 T do_help
8fc0d8bc T install_auto_complete
8fc0d910 T cmd_auto_complete
8fc0dda0 T cmd_get_data_size
8fc0ddfc t console_setfile
8fc0de9c T serial_printf
8fc0ded4 T fgetc
8fc0def8 T ftstc
8fc0df1c T fputc
8fc0df40 T fputs
8fc0df60 T fprintf
8fc0dfa0 T getc
8fc0dfc4 T tstc
8fc0dfe8 T putc
8fc0e010 T puts
8fc0e034 T printf
8fc0e06c T printbuf
8fc0e078 T vprintf
8fc0e0a4 T ctrlc
8fc0e0f4 T disable_ctrlc
8fc0e10c T had_ctrlc
8fc0e11c T clear_ctrlc
8fc0e130 T dbg
8fc0e13c T search_device
8fc0e164 T console_assign
8fc0e1a8 T console_init_f
8fc0e1b8 T stdio_print_current_devices
8fc0e268 T console_init_r
8fc0e3bc T malloc_bin_reloc
8fc0e3e8 T sbrk
8fc0e424 T mem_malloc_init
8fc0e448 T malloc_trim
8fc0e508 T free
8fc0e730 T malloc
8fc0eccc T calloc
8fc0eda8 T realloc
8fc0f268 T memalign
8fc0f374 T valloc
8fc0f380 T pvalloc
8fc0f398 T cfree
8fc0f39c T malloc_usable_size
8fc0f3d8 T mallopt
8fc0f444 T env_crc_update
8fc0f46c T env_get_char_memory
8fc0f48c T env_get_char
8fc0f4bc T env_get_addr
8fc0f4dc T set_default_env
8fc0f520 T env_relocate
8fc0f584 T env_complete
8fc0f6c4 T env_get_char_spec
8fc0f6d0 T env_relocate_spec
8fc0f780 T saveenv
8fc0f858 T env_init
8fc0f874 t dummy
8fc0f878 T get_version
8fc0f880 T jumptable_init
8fc0f95c t Setup_Tx
8fc0f9c8 t fastboot_mmc_write
8fc0faa8 t fastboot_ack
8fc0fb4c t fastboot_okay
8fc0fb5c T init_fastboot
8fc0fb68 T read_boot_ptn
8fc0fd48 T fastboot_flash_reset_ptn
8fc0fd5c T fastboot_flash_add_ptn
8fc0fd98 T fastboot_flash_find_ptn
8fc0fe08 T fastboot_flash_get_ptn
8fc0fe28 T fastboot_flash_get_ptn_count
8fc0fe38 T board_mmc_init
8fc102c0 T active_bulk_data
8fc1032c t handle_setup.constprop.3
8fc10440 t handle_fastboot.constprop.2
8fc10cb8 T do_fastboot
8fc10f14 t b_reset
8fc10f30 t static_get
8fc10f4c t static_peek
8fc10f58 t file_peek
8fc10f64 t syntax_err
8fc10f70 t free_pipe_list
8fc11058 t xmalloc
8fc11078 t xrealloc
8fc11098 t done_command
8fc11120 t insert_var_value
8fc112c0 T do_showvar
8fc113b0 t is_assignment
8fc11404 t file_get
8fc115c4 t b_addchr
8fc1163c t b_addqchr
8fc1168c T simple_itoa
8fc116e0 T set_local_var
8fc1188c T unset_local_var
8fc11928 T new_pipe
8fc11950 t done_pipe
8fc1199c T reserved_word
8fc11af4 t done_word
8fc11c70 T mapset
8fc11c94 T update_ifs_map
8fc11d04 T parse_string_outer
8fc11de8 t run_list_real
8fc12590 t parse_stream_outer
8fc12b5c T parse_file_outer
8fc12ba4 T u_boot_hush_start
8fc12c28 t __fswab32
8fc12c30 t get_table_entry_name
8fc12c64 t get_table_entry_id
8fc12cd0 t image_get_data_size
8fc12cd8 t image_check_magic
8fc12cfc T image_check_hcrc
8fc12d4c T image_check_dcrc
8fc12d88 T image_multi_count
8fc12da4 T image_multi_getimg
8fc12e2c T getenv_yesno
8fc12e54 T getenv_bootm_low
8fc12e88 T getenv_bootm_size
8fc12ebc T memmove_wd
8fc12ec0 T genimg_get_os_name
8fc12ed8 T genimg_get_arch_name
8fc12ef0 T genimg_get_type_name
8fc12f08 T genimg_get_comp_name
8fc12f20 T image_print_contents
8fc130c4 T genimg_get_os_id
8fc130dc T genimg_get_arch_id
8fc130f4 T genimg_get_type_id
8fc1310c T genimg_get_comp_id
8fc13124 T genimg_get_format
8fc13138 T genimg_get_image
8fc1313c T genimg_has_config
8fc13144 T boot_get_ramdisk
8fc133bc t console_newline
8fc13478 t lcd_drawchars.constprop.2
8fc1350c T lcd_putc
8fc13670 T lcd_puts
8fc136a8 T lcd_printf
8fc136e0 T lcd_setmem
8fc13754 T lcd_display_bitmap
8fc13b78 T lcd_clear
8fc13cb0 T drv_lcd_init
8fc13d74 t do_lcd_clear
8fc13d84 T set_bgfg
8fc13da8 t cread_add_char
8fc13e90 T __show_boot_progress
8fc13e90 W show_boot_progress
8fc13e94 T main_loop
8fc13fb8 T readline_into_buffer
8fc1467c T readline
8fc14688 T parse_line
8fc14710 T run_command
8fc14a74 T do_run
8fc14ae8 T nulldev_putc
8fc14aec T nulldev_puts
8fc14af0 T nulldev_input
8fc14af8 T stdio_get_list
8fc14b04 T stdio_get_by_name
8fc14b50 T stdio_clone
8fc14ba0 T stdio_register
8fc14bdc T stdio_init
8fc14cc0 t usb_set_maxpacket_ep
8fc14d10 T wait_ms
8fc14d34 T usb_stop
8fc14d60 T usb_disable_asynch
8fc14d78 T usb_submit_int_msg
8fc14d7c T usb_control_msg
8fc14e20 T usb_bulk_msg
8fc14e88 T usb_maxpacket
8fc14ea4 T usb_set_maxpacket
8fc14f08 T usb_parse_config
8fc15048 T usb_clear_halt
8fc150e0 T usb_get_descriptor
8fc15144 T usb_get_configuration_no
8fc151dc T usb_set_address
8fc1521c T usb_set_interface
8fc152d0 T usb_set_configuration
8fc15334 T usb_set_protocol
8fc15388 T usb_set_idle
8fc153e4 T usb_get_report
8fc15450 T usb_get_class_descriptor
8fc154bc T usb_get_string
8fc15534 t usb_string_sub
8fc15640 T usb_string
8fc15740 T usb_get_dev_index
8fc1576c T usb_alloc_new_device
8fc157f8 T usb_get_hub_descriptor
8fc15850 T usb_clear_hub_feature
8fc158a0 T usb_clear_port_feature
8fc158f4 T usb_set_port_feature
8fc15948 t usb_hub_power_on
8fc1598c T usb_get_hub_status
8fc159dc T usb_get_port_status
8fc15a30 t hub_port_reset
8fc15ad0 T usb_hub_reset
8fc15ae4 T usb_hub_allocate
8fc15b2c T usb_hub_probe
8fc15b84 T usb_new_device
8fc15e18 T usb_scan_devices
8fc15e94 T usb_init
8fc15f10 T usb_hub_port_connect_change
8fc16004 T usb_hub_configure
8fc161ec t usb_stor_irq
8fc16208 t usb_stor_BBB_reset
8fc162f4 t usb_stor_CB_reset
8fc163dc t usb_test_unit_ready.constprop.5
8fc1648c T usb_stor_get_dev
8fc164a8 T usb_show_progress
8fc164b4 T usb_stor_read
8fc16704 T usb_stor_info
8fc16770 T usb_stor_BBB_comdat
8fc1684c T usb_stor_CB_comdat
8fc16a74 T usb_stor_CBI_get_status
8fc16b38 T usb_stor_CB_transport
8fc16d30 T usb_stor_BBB_clear_endpt_stall
8fc16d80 T usb_stor_BBB_transport
8fc16f40 T usb_storage_probe
8fc17148 T usb_stor_get_info
8fc1738c T usb_stor_scan
8fc174d8 t zm_save
8fc174f4 t zm_dprintf
8fc17534 t zm_dump
8fc17544 T CYGACC_COMM_IF_GETC_TIMEOUT
8fc17590 t xyzModem_flush
8fc175bc t xyzModem_get_hdr
8fc178e4 T CYGACC_COMM_IF_PUTC
8fc178ec T parse_num
8fc17a14 T xyzModem_stream_open
8fc17b80 T xyzModem_stream_read
8fc17e1c T xyzModem_stream_close
8fc17e80 T xyzModem_stream_terminate
8fc17f50 T xyzModem_error
8fc17f70 T board_eth_init
8fc17f78 T misc_init_r
8fc17f98 T dram_init
8fc17fa0 T timer_init
8fc17fa8 T interrupt_init
8fc17fb0 T reset_timer_masked
8fc17fe0 T board_init
8fc18060 T get_timer_masked
8fc180a4 T get_timer
8fc180b8 T udelay
8fc180f4 T reset_cpu
8fc1811c T power_key_delay
8fc18238 T read_hdmi_resolution
8fc18324 T read_boot_env
8fc184c0 T cyg_crc16
8fc18504 T crc32
8fc1860c T crc32_wd
8fc18610 T display_options
8fc18630 T print_size
8fc186f8 T print_buffer
8fc18850 T zalloc
8fc18860 T zfree
8fc18868 T zunzip
8fc18958 T gunzip
8fc18a20 t lmb_add_region
8fc18bd8 T lmb_dump_all
8fc18cd0 T lmb_init
8fc18cf8 T lmb_add
8fc18cfc T lmb_free
8fc18e24 T lmb_reserve
8fc18e2c T lmb_overlaps_region
8fc18e84 T __lmb_alloc_base
8fc18f90 T lmb_alloc_base
8fc18fc4 T lmb_alloc
8fc18fcc T lmb_is_reserved
8fc1901c T strcpy
8fc19034 T strncpy
8fc19058 T strcat
8fc19084 T strncat
8fc190dc T strcmp
8fc19104 T strncmp
8fc19144 T strchr
8fc19170 T strlen
8fc19190 T strrchr
8fc191cc T strnlen
8fc191fc T strdup
8fc19238 T strspn
8fc19274 T strpbrk
8fc192b0 T strtok
8fc19338 T strsep
8fc19370 T strswab
8fc193b8 T memset
8fc193d0 T bcopy
8fc193f0 T memcpy
8fc1940c T memcpy4
8fc19450 T memmove
8fc1949c T memcmp
8fc194d0 T memscan
8fc194fc T strstr
8fc19564 T memchr
8fc19594 t put_dec_trunc
8fc19674 t put_dec
8fc19778 t number
8fc199b4 t string
8fc19a44 T simple_strtoul
8fc19afc T simple_strtol
8fc19b20 T ustrtoul
8fc19b90 T vsprintf
8fc1a13c T sprintf
8fc1a164 T panic
8fc1a1b4 T zcalloc
8fc1a1bc T zcfree
8fc1a1c4 T inflate_fast
8fc1a760 T inflate_table
8fc1acb8 T inflateReset
8fc1ad70 T inflateInit2_
8fc1ae98 T inflateInit_
8fc1aeac T inflateEnd
8fc1af58 T z_error
8fc1af70 T adler32
8fc1b2b4 T inflate
8fc1c9d8 t cmpkey
8fc1c9ec T atoi
8fc1ca54 T hcreate_r
8fc1cb00 T hdestroy_r
8fc1cb74 T hstrstr_r
8fc1cc20 T hmatch_r
8fc1ccc0 T hsearch_r
8fc1cf98 T hdelete_r
8fc1d03c T hexport_r
8fc1d2e8 T himport_r
8fc1d5c8 T hread_buf
8fc1d7e0 T hread_buf_ptn
8fc1db58 T qsort
8fc1dc3c T strcmp_compar
8fc1dc48 T cpu_init
8fc1dc64 T cleanup_before_linux
8fc1dc74 T do_reset
8fc1dc8c T icache_enable
8fc1dc90 T icache_disable
8fc1dc94 T icache_flush
8fc1dc98 T dcache_enable
8fc1dc9c T dcache_disable
8fc1dca0 T dcache_flush
8fc1dca4 T icache_flush_arch
8fc1dcc0 T dcache_status
8fc1dcc8 T icache_status
8fc1dcd0 T update_freq
8fc1dd6c T get_cpu_efuse_data
8fc1df48 T get_board_serial
8fc1df50 T reg_clr_bits
8fc1df60 T reg_set_bits
8fc1df70 T sys_pwr_ctrl_set_bits
8fc1dfb0 T sys_pwr_ctrl_clr_bits
8fc1dff0 T get_offset_pos
8fc1e014 T clk_set_rate_bits
8fc1e04c T pll_config_reg
8fc1e08c T ns2815_pll_get_param
8fc1eb04 T ns2815_pll0_config
8fc1eb9c T ns2815_pll0_clk_enable
8fc1ebc8 T ns2815_pll0_clk_disable
8fc1ebf4 T ns2815_pll0_pwr_down
8fc1ec3c T ns2815_pll0_pwr_up
8fc1ec70 T ns2815_pll0_clk_set_rate
8fc1ec80 T ns2815_pll1_config
8fc1ed18 T ns2815_pll1_clk_enable
8fc1ed44 T ns2815_pll1_clk_disable
8fc1ed70 T ns2815_pll1_clk_set_rate
8fc1ed94 T ns2815_pll2_config
8fc1ee2c T ns2815_pll2_clk_enable
8fc1ee58 T ns2815_pll2_clk_disable
8fc1ee84 T ns2815_pll3_config
8fc1ef18 T ns2815_pll3_clk_enable
8fc1ef44 T ns2815_pll3_clk_disable
8fc1ef70 T ns2815_pll3_pwr_down
8fc1efb8 T ns2815_pll3_pwr_up
8fc1eff0 T ns2815_pll3_clk_set_rate
8fc1f014 T ns2815_pll4_config
8fc1f0a8 T ns2815_pll4_clk_enable
8fc1f0d4 T ns2815_pll4_clk_disable
8fc1f100 T ns2815_pll4_pwr_down
8fc1f148 T ns2815_pll4_pwr_up
8fc1f180 T ns2815_pll4_clk_set_rate
8fc1f1a4 T ns2815_pll5_config
8fc1f238 T ns2815_pll5_clk_enable
8fc1f264 T ns2815_pll5_clk_disable
8fc1f290 T ns2815_pll5_pwr_down
8fc1f2d8 T ns2815_pll5_pwr_up
8fc1f310 T ns2815_pll6_config
8fc1f3a4 T ns2815_pll6_clk_enable
8fc1f3d0 T ns2815_pll6_clk_disable
8fc1f3fc T ns2815_pll6_pwr_down
8fc1f444 T ns2815_pll6_pwr_up
8fc1f47c T ns2815_coresight_clk_enable
8fc1f4a8 T ns2815_coresight_clk_disable
8fc1f4d4 T ns2815_coresight_clk_set_rate
8fc1f538 T ns2815_ddr_clk_enable
8fc1f564 T ns2815_ddr_clk_disable
8fc1f590 T ns2815_ddr_clk_set_rate
8fc1f650 T ns2815_pl330dma_clk_enable
8fc1f67c T ns2815_pl330dma_clk_disable
8fc1f6a8 T ns2815_mali_pwr_up
8fc1f6c8 T ns2815_mali_pwr_down
8fc1f6e8 T ns2815_mali_clk_enable
8fc1f714 T ns2815_mali_clk_disable
8fc1f740 T ns2815_mali_pll2_set_rate
8fc1f770 T ns2815_mali_clk_set_rate
8fc1f900 T ns2815_gc300_pwr_up
8fc1f920 T ns2815_gc300_pwr_down
8fc1f940 T ns2815_gc300_clk_enable
8fc1f96c T ns2815_gc300_clk_disable
8fc1f998 T ns2815_gc300_clk_set_rate
8fc1fa54 T ns2815_vpu_g1_pwr_up
8fc1fa74 T ns2815_vpu_g1_pwr_down
8fc1fa94 T ns2815_vpu_g1_clk_enable
8fc1fac0 T ns2815_vpu_g1_clk_disable
8fc1faec T ns2815_vpu_g1_clk_set_rate
8fc1fc30 T ns2815_vpu_h1_pwr_up
8fc1fc50 T ns2815_vpu_h1_pwr_down
8fc1fc70 T ns2815_vpu_h1_clk_enable
8fc1fc9c T ns2815_vpu_h1_clk_disable
8fc1fcc8 T ns2815_vpu_h1_clk_set_rate
8fc1fd94 T ns2815_isp_pwr_up
8fc1fdb4 T ns2815_isp_pwr_down
8fc1fdd4 T ns2815_isp_jpeg_clk_enable
8fc1fe00 T ns2815_isp_jpeg_clk_disable
8fc1fe38 T ns2815_isp_jpeg_clk_set_rate
8fc1fea8 T ns2815_isp_clk_enable
8fc1fed4 T ns2815_isp_clk_disable
8fc1ff00 T ns2815_sd_clk_enable
8fc1ff2c T ns2815_sd_clk_disable
8fc1ff58 T ns2815_sd_clk_set_rate
8fc1ffc8 T ns2815_zsp_pwr_up
8fc1ffe8 T ns2815_zsp_pwr_down
8fc20008 T ns2815_zsp_clk_enable
8fc20034 T ns2815_zsp_clk_disable
8fc20060 T ns2815_spi0_clk_enable
8fc2008c T ns2815_spi0_clk_disable
8fc200b8 T ns2815_spi01_clk_set_rate
8fc20128 T ns2815_spi1_clk_enable
8fc20154 T ns2815_spi1_clk_disable
8fc20180 T ns2815_spi2_clk_enable
8fc201ac T ns2815_spi2_clk_disable
8fc201d8 T ns2815_spi23_clk_set_rate
8fc20248 T ns2815_spi3_clk_enable
8fc20274 T ns2815_spi3_clk_disable
8fc202a0 T ns2815_i2c0_clk_enable
8fc202cc T ns2815_i2c0_clk_disable
8fc202f8 T ns2815_i2c_fs_clk_set_rate
8fc20368 T ns2815_i2c1_clk_enable
8fc20394 T ns2815_i2c1_clk_disable
8fc203c0 T ns2815_i2c2_clk_enable
8fc203ec T ns2815_i2c2_clk_disable
8fc20418 T ns2815_i2c3_clk_enable
8fc20444 T ns2815_i2c3_clk_disable
8fc20470 T ns2815_i2c_hs_clk_set_rate
8fc204e0 T ns2815_uart0_clk_enable
8fc2050c T ns2815_uart0_clk_disable
8fc20538 T ns2815_uart01_clk_set_rate
8fc205a8 T ns2815_uart1_clk_enable
8fc205d4 T ns2815_uart1_clk_disable
8fc20600 T ns2815_uart2_clk_enable
8fc2062c T ns2815_uart2_clk_disable
8fc20658 T ns2815_uart2_clk_set_rate
8fc206c8 T ns2815_uart3_clk_enable
8fc206f4 T ns2815_uart3_clk_disable
8fc20720 T ns2815_uart3_clk_set_rate
8fc20790 T ns2815_rgbo_clk_enable
8fc207bc T ns2815_rgbo_clk_disable
8fc207e8 T ns2815_pxl0_clk_set_rate
8fc2085c T ns2815_lcdc0_clk_enable
8fc20888 T ns2815_lcdc0_clk_disable
8fc208b4 T ns2815_lcdc0bus_clk_enable
8fc208e0 T ns2815_lcdc0bus_clk_disable
8fc2090c T ns2815_lcdc1_clk_enable
8fc20938 T ns2815_lcdc1_clk_disable
8fc20964 T ns2815_lcdc1bus_clk_enable
8fc20990 T ns2815_lcdc1bus_clk_disable
8fc209bc T ns2815_pxl1_clk_set_rate
8fc20a14 T ns2815_hdmi_pxl_clk_enable
8fc20a40 T ns2815_hdmi_pxl_clk_disable
8fc20a6c T ns2815_i2s0_clk_enable
8fc20a98 T ns2815_i2s0_clk_disable
8fc20ac4 T ns2815_i2s_clk_set_rate
8fc20b44 T ns2815_mclk_clk_enable
8fc20b70 T ns2815_mclk_clk_disable
8fc20b9c T ns2815_i2s1_clk_enable
8fc20bc8 T ns2815_i2s1_clk_disable
8fc20bf4 T ns2815_usb_otg_clk_enable
8fc20c20 T ns2815_usb_otg_clk_disable
8fc20c4c T ns2815_usb_utmi_clk_enable
8fc20c78 T ns2815_usb_utmi_clk_disable
8fc20ca4 T ns2815_usb_ohci_clk_enable
8fc20cd0 T ns2815_usb_ohci_clk_disable
8fc20cfc T ns2815_usb_hsic_clk_enable
8fc20d28 T ns2815_usb_hsic_clk_disable
8fc20d54 T ns2815_core_mem_clk_enable
8fc20d80 T ns2815_core_mem_clk_disable
8fc20dac T ns2815_gpio_core_clk_enable
8fc20dd8 T ns2815_gpio_core_clk_disable
8fc20e04 T ns2815_timer0_core_clk_enable
8fc20e34 T ns2815_timer0_core_clk_disable
8fc20e64 T ns2815_timer0_core_clk_set_rate
8fc20edc T ns2815_timer1_core_clk_enable
8fc20f0c T ns2815_timer1_core_clk_disable
8fc20f3c T ns2815_timer1_core_clk_set_rate
8fc20fb4 T ns2815_timer2_core_clk_enable
8fc20fe4 T ns2815_timer2_core_clk_disable
8fc21014 T ns2815_timer2_core_clk_set_rate
8fc2108c T ns2815_timer3_core_clk_enable
8fc210bc T ns2815_timer3_core_clk_disable
8fc210ec T ns2815_timer3_core_clk_set_rate
8fc21164 T ns2815_timer4_core_clk_enable
8fc21194 T ns2815_timer4_core_clk_disable
8fc211c4 T ns2815_timer4_core_clk_set_rate
8fc2123c T ns2815_timer5_core_clk_enable
8fc2126c T ns2815_timer5_core_clk_disable
8fc2129c T ns2815_timer5_core_clk_set_rate
8fc21314 T ns2815_timer6_core_clk_enable
8fc21344 T ns2815_timer6_core_clk_disable
8fc21374 T ns2815_timer6_core_clk_set_rate
8fc213ec T ns2815_timer7_core_clk_enable
8fc2141c T ns2815_timer7_core_clk_disable
8fc2144c T ns2815_timer7_core_clk_set_rate
8fc214c4 T ns2815_wkup_mem_clk_enable
8fc214f0 T ns2815_wkup_mem_clk_disable
8fc2151c T ns2815_gpio_wkup_clk_enable
8fc21548 T ns2815_gpio_wkup_clk_disable
8fc21574 T ns2815_gpio_wkup_clk_set_rate
8fc215e0 T ns2815_timer0_wkup_clk_enable
8fc2160c T ns2815_timer0_wkup_clk_disable
8fc21638 T ns2815_timer0_wkup_clk_set_rate
8fc216a4 T ns2815_timer1_wkup_clk_enable
8fc216d0 T ns2815_timer1_wkup_clk_disable
8fc216fc T ns2815_timer1_wkup_clk_set_rate
8fc21768 T ns2815_alt0_clk_enable
8fc21794 T ns2815_alt0_clk_disable
8fc217c0 T ns2815_alt0_clk_set_rate
8fc21838 T ns2815_alt1_clk_enable
8fc21864 T ns2815_alt1_clk_disable
8fc21890 T ns2815_alt1_clk_set_rate
8fc21958 T ns2815_aux_clk_enable
8fc21984 T ns2815_aux_clk_disable
8fc219b0 T ns2815_efuse_clk_enable
8fc219dc T ns2815_efuse_clk_disable
8fc21a08 T ns2815_pwm_clk_enable
8fc21a34 T ns2815_pwm_clk_disable
8fc21a60 T ns2815_cpu_clk_enable
8fc21a78 T ns2815_cpu_clk_disable
8fc21a94 T ns2815_neon0_pwr_up
8fc21ad0 T ns2815_neon0_pwr_down
8fc21b0c T ns2815_neon1_pwr_up
8fc21b48 T ns2815_neon1_pwr_down
8fc21b84 T ns2815_l2c_pwr_up
8fc21bc0 T ns2815_l2c_pwr_down
8fc21bfc T ns2815_falcon0_pwr_up
8fc21c70 T ns2815_falcon0_pwr_down
8fc21cb4 t cpu1_exit
8fc21cfc T ns2815_falcon1_pwr_up
8fc21d70 T ns2815_falcon1_pwr_down
8fc21db4 t cpu0_exit
8fc21dfc T pmic_i2c_set_reg
8fc21e64 T pmic_set
8fc21f0c T tps80032_i2c_set_reg
8fc21f94 T pmic_set_volt
8fc22038 T data_flow_test
8fc22094 T ns2815_dataflow_test
8fc22548 T get_current_freq
8fc225cc T ns2815_cpu_clk_set_rate
8fc2263c T ns2815_cpu_dvfs
8fc22748 T setup_serial_tag
8fc2278c T do_bootm_linux
8fc22988 T flush_cache
8fc2298c t downcase
8fc229b0 t dirdelim
8fc229e0 t get_name
8fc22a8c t slot2str
8fc22b4c T disk_read
8fc22b9c t read_bootsectandvi
8fc22ca0 t get_fatent
8fc22e00 t get_cluster
8fc22ea0 t get_vfatname
8fc23040 T fat_register_device
8fc23140 T do_fat_read
8fc23c4c T file_fat_detectfs
8fc23da0 T file_fat_ls
8fc23db0 T file_fat_read
8fc23de8 T get_fs
8fc23e30 T init_fs
8fc23e94 T deinit_fs
8fc23ecc T ext4fs_free_node
8fc23ef0 T ext4fs_read_file
8fc24148 T ext4fs_ls
8fc241c0 T ext4fs_read
8fc24200 T ext4fs_read_inode
8fc2431c T read_allocated_block
8fc24b0c T ext4fs_close
8fc24be8 T ext4fs_iterate_dir
8fc24e70 t ext4fs_find_file1
8fc250fc T ext4fs_find_file
8fc25174 T ext4fs_open
8fc25204 T ext4fs_mount
8fc252e0 T ext4fs_set_blk_dev
8fc25334 T ext4fs_devread
8fc25518 t print_part_header
8fc255d0 T get_dev
8fc25634 T dev_print
8fc25830 T init_part
8fc25864 T get_partition_info
8fc2589c T print_part
8fc25900 t le32_to_int
8fc25924 t is_extended
8fc2593c t print_partition_extended
8fc25b08 t get_partition_info_extended
8fc25d24 T test_part_dos
8fc25d74 T print_part_dos
8fc25da0 T get_partition_info_dos
8fc25dc0 T get_partition_info_iso_verb
8fc261a8 T get_partition_info_iso
8fc261b0 T print_part_iso
8fc26244 T test_part_iso
8fc26264 T dw_i2c_send_bytes
8fc262f0 T dw_i2c_smbus_read
8fc26460 T i2c_dw_init
8fc264a8 T dw_i2c_master_init
8fc264ec T io373x_smbus_set_adr
8fc2651c T io373x_smbus_read_reg
8fc26574 T io373x_smbus_write_reg
8fc265f8 T i2c_init
8fc26600 T i2c_probe
8fc2664c T i2c_read
8fc26708 T i2c_write
8fc267f0 t nufront_mmc_read.isra.1
8fc2691c t sdmmc_send_cmd.isra.0
8fc26c14 T mmc_get_dev
8fc26c30 T mmc_detect_card
8fc26f50 T mmc_read_cardsize
8fc2710c T SDIOHost_SetSDCLK
8fc271ec T SDIOHost_SetBusWidth
8fc27324 T sdmmc_init_setup
8fc27438 T configure_controller
8fc27460 T configure_mmc
8fc27754 T nufront_mmc_read_sect
8fc278a8 T mmc_bread
8fc27988 T nufront_mmc_write_sect
8fc27c58 T mmc_bwrite
8fc27d40 T mmc_read
8fc27d80 T mmc_write
8fc27dc0 T mmc_erase
8fc27f1c T mmc_init
8fc28034 T mmc_get_cid
8fc28060 t ehci_td_buffer
8fc280bc t handshake
8fc28110 t ehci_alloc.isra.3
8fc28190 t ehci_submit_async
8fc28614 T ehci_submit_root
8fc28bb0 T usb_lowlevel_stop
8fc28bb4 T usb_lowlevel_init
8fc28d00 T submit_bulk_msg
8fc28d3c T submit_control_msg
8fc28da0 T submit_int_msg
8fc28de0 T ehci_hcd_init
8fc28e30 T ehci_hcd_stop
8fc28e38 T lcd_disable
8fc28e6c T bpix_init
8fc28ea0 T lcd_ctrl_init
8fc28fd4 T calc_fbsize
8fc28ff8 T lcd_enable
8fc29048 T lcd_newline
8fc290d0 T gpio_pinmux_config
8fc2931c T pin_to_addr
8fc29334 T pin_to_mask
8fc29344 T gpio_direction_input
8fc29374 T gpio_direction_output
8fc293a4 T nufront_set_gpio_value
8fc293ec T nufront_get_gpio_value
8fc2945c T wkgpio_enable
8fc2947c T wkgpio_direction_input
8fc2949c T wkgpio_direction_output
8fc294bc T get_wkgpio_value
8fc294d4 T set_wkgpio_value
8fc294fc T raise
8fc29518 T __aeabi_llsl
8fc29518 T __ashldi3
8fc29540 T __aeabi_idiv
8fc29540 T __divsi3
8fc29658 t Ldiv0
8fc29680 T __modsi3
8fc29754 t Ldiv0
8fc29780 T __aeabi_uidiv
8fc29780 T __udivsi3
8fc29798 t Loop1
8fc297ac t Lbignum
8fc297c0 t Loop3
8fc29800 t Lgot_result
8fc29808 t Ldiv0
8fc29818 T __aeabi_uidivmod
8fc29830 T __aeabi_idivmod
8fc29848 T __umodsi3
8fc2985c t Loop1
8fc29870 t Lbignum
8fc29884 t Loop3
8fc298ec t Ldiv0
8fc298fc T __div0
8fc29980 R version_string
8fc29a88 r serial_ports
8fc29a98 r bringup_case
8fc29ab8 r __FUNCTION__.2890
8fc29ac8 r bitpattern.2889
8fc29b28 r CSWTCH.68
8fc29c5c r device_config
8fc29c70 r config_descriptor
8fc29c90 r language_descriptor
8fc29c98 r zero
8fc29cb4 r mmc_init.3012
8fc29cc0 r mmc_erase.3013
8fc29cd8 r reset_cmd.3014
8fc29cdc r video_fontdata
8fc2acdc r CSWTCH.45
8fc2ad24 r crc16_tab
8fc2af24 r crc_table
8fc2b324 r digits.2784
8fc2b334 R hex_asc
8fc2b348 r lext.3019
8fc2b386 r lbase.3018
8fc2b3c4 r dext.3021
8fc2b404 r dbase.3020
8fc2b444 r lenfix
8fc2bc44 r distfix
8fc2bcc4 r order.3114
8fc2bcec R z_errmsg
8fc2bd58 r __func__.3009
8fc2bd5f r __func__.3014
8fc2bd67 r __func__.3018
8fc2bd71 r __func__.2805
8fc2bd80 r block_drvr
8fc2bd98 r i2c_bus_reg_bases
8fc34ac0 D init_sequence
8fc34aec D suspend_flag
8fc34af0 D NetOurVLAN
8fc34af2 D NetBcastAddr
8fc34af8 D NetOurNativeVLAN
8fc34afc d TftpBlkSizeOption
8fc34afe d TftpBlkSize
8fc34b00 d TftpTimeoutMSecs
8fc34b04 d TftpTimeoutCountMax
8fc34b08 D TftpRRQTimeoutMSecs
8fc34b0c D TftpRRQTimeoutCountMax
8fc34b10 D load_addr
8fc34b14 D cmd_bootm_sub
8fc34bbc D boot_os
8fc34c08 D dp_last_length
8fc34c0c d curr_device
8fc34c10 d env_id
8fc34c14 d usb_stor_curr_dev
8fc34c18 d av_
8fc35020 d sbrk_base
8fc35024 d trim_threshold
8fc35028 d mmap_threshold
8fc3502c D default_environment
8fc352a0 D env_name_spec
8fc352a4 d string_descriptor
8fc353a4 D data_buffer
8fc353a8 d reserved_list
8fc3542c d uimage_os
8fc35474 d uimage_arch
8fc35564 d uimage_type
8fc355dc d uimage_comp
8fc35618 d do_splash.3159
8fc3561c d hist_cur
8fc35620 D stdio_names
8fc3562c D us_direction
8fc3564c d zm_out
8fc35650 d bootargs_recovery
8fc356a6 d bootcmd_recovery
8fc35704 D _ctype
8fc35804 D pll0_rate
8fc35808 D pll1_rate
8fc3580c D pll2_rate
8fc35810 D pll3_rate
8fc35814 D pll4_rate
8fc35818 D pll5_rate
8fc3581c D pll6_rate
8fc35820 D i2s0_rate
8fc35824 d cur_part
8fc35828 D ext4fs_indir1_blkno
8fc3582c D ext4fs_indir2_blkno
8fc35830 D ext4fs_indir3_blkno
8fc35834 d i2c_bus_num
8fc35838 d descriptor
8fc35874 D panel_info
8fc358a8 D __u_boot_cmd_bdinfo
8fc358a8 D __u_boot_cmd_start
8fc358c4 D __u_boot_cmd_bmp
8fc358e0 D __u_boot_cmd_reset
8fc358fc D __u_boot_cmd_go
8fc35918 D __u_boot_cmd_bootm
8fc35934 D __u_boot_cmd_bringup
8fc35950 D __u_boot_cmd_ext4load
8fc3596c D __u_boot_cmd_ext4ls
8fc35988 D __u_boot_cmd_fatinfo
8fc359a4 D __u_boot_cmd_fatls
8fc359c0 D __u_boot_cmd_fatload
8fc359dc D __u_boot_cmd_loady
8fc359f8 D __u_boot_cmd_loadb
8fc35a14 D __u_boot_cmd_mtest
8fc35a30 D __u_boot_cmd_loop
8fc35a4c D __u_boot_cmd_base
8fc35a68 D __u_boot_cmd_crc32
8fc35a84 D __u_boot_cmd_cmp
8fc35aa0 D __u_boot_cmd_cp
8fc35abc D __u_boot_cmd_mw
8fc35ad8 D __u_boot_cmd_nm
8fc35af4 D __u_boot_cmd_mm
8fc35b10 D __u_boot_cmd_md
8fc35b2c D __u_boot_cmd_mmc
8fc35b48 D __u_boot_cmd_ping
8fc35b64 D __u_boot_cmd_rarpboot
8fc35b80 D __u_boot_cmd_tftpboot
8fc35b9c D __u_boot_cmd_bootp
8fc35bb8 D __u_boot_cmd_ns115
8fc35bd4 D __u_boot_cmd_run
8fc35bf0 D __u_boot_cmd_setenv
8fc35c0c D __u_boot_cmd_printenv
8fc35c28 D __u_boot_cmd_saveenv
8fc35c44 D __u_boot_cmd_autoscr
8fc35c60 D __u_boot_cmd_source
8fc35c7c D __u_boot_cmd_usbboot
8fc35c98 D __u_boot_cmd_usb
8fc35cb4 D __u_boot_cmd_question_mark
8fc35cd0 D __u_boot_cmd_help
8fc35cec D __u_boot_cmd_exit
8fc35d08 D __u_boot_cmd_test
8fc35d24 D __u_boot_cmd_echo
8fc35d40 D __u_boot_cmd_version
8fc35d5c D __u_boot_cmd_fastboot
8fc35d78 D __u_boot_cmd_showvar
8fc35d94 D __u_boot_cmd_cls
8fc35db0 B __bss_start
8fc35db0 D __u_boot_cmd_end
8fc35dc0 B monitor_flash_len
8fc35dc4 B disp_flag
8fc35dc8 b eth_current
8fc35dcc b eth_devices
8fc35dd0 b first_failed.3122
8fc35dd4 b act.3128
8fc35dd8 b env_changed_id.3129
8fc35ddc B NetState
8fc35de0 B NetPingIP
8fc35de4 b NetRestarted
8fc35de8 B NetRestartWrap
8fc35dec b NetDevExists
8fc35df0 b timeHandler
8fc35df4 b timeStart
8fc35df8 b timeDelta
8fc35dfc b packetHandler
8fc35e00 B NetOurEther
8fc35e08 B NetArpWaitTry
8fc35e0c B NetTxPacket
8fc35e10 B NetOurIP
8fc35e14 B NetArpWaitPacketIP
8fc35e18 B NetOurSubnetMask
8fc35e1c B NetOurGatewayIP
8fc35e20 B NetArpWaitReplyIP
8fc35e24 B NetArpWaitTimerStart
8fc35e28 b mac.3150
8fc35e2e B NetEtherNullAddr
8fc35e34 B NetArpWaitPacketMAC
8fc35e38 B NetArpWaitTxPacket
8fc35e3c B NetIPID
8fc35e40 b PingSeqNo
8fc35e44 B NetArpWaitTxPacketSize
8fc35e48 B NetRxPacket
8fc35e4c B NetRxPacketLen
8fc35e50 B NetServerIP
8fc35e54 B NetServerEther
8fc35e5a B PktBuf
8fc37c7c B NetRxPackets
8fc37c8c B NetArpWaitPacketBuf
8fc382ac b env_changed_id.3084
8fc382b0 B NetBootFileXferSize
8fc382b4 B BootFile
8fc38334 B NetBootFileSize
8fc38336 B NetOurRootPath
8fc38376 B NetOurHostName
8fc38396 B NetOurNISDomain
8fc383b8 B NetOurDNSIP
8fc383bc B RarpTry
8fc383c0 b TftpState
8fc383c4 b tftp_filename
8fc38444 b TftpBlock
8fc38448 b TftpServerIP
8fc3844c b TftpServerPort
8fc38450 b TftpOurPort
8fc38454 b TftpBlockWrap
8fc38458 b TftpBlockWrapOffset
8fc3845c b TftpLastBlock
8fc38460 b TftpTimeoutCount
8fc38464 b default_filename
8fc38474 B BootpID
8fc38478 B BootpTry
8fc3847c b images
8fc385a8 b relocated
8fc385ac B part_offset
8fc385b4 B total_sector
8fc385bc b os_data_state
8fc385c0 b os_data_addr
8fc385c4 b bin_start_address
8fc385c8 B his_pad_count
8fc385cc B his_pad_char
8fc385cd b a_b
8fc385e5 B his_eol
8fc385e8 b k_data_escape
8fc385ec B os_data_init
8fc385f0 b k_data_escape_saved
8fc385f4 b os_data_state_saved
8fc385f8 b os_data_addr_saved
8fc385fc B os_data_char
8fc38600 B his_quote
8fc38604 B send_ptr
8fc38608 B send_parms
8fc3861c B dp_last_addr
8fc38620 B dp_last_size
8fc38624 b base_address
8fc38628 B pattern
8fc3862c B len
8fc38630 B anti_pattern
8fc38634 B offset
8fc38638 B test_offset
8fc3863c B temp
8fc38640 B num_words
8fc38644 B mm_last_addr
8fc38648 B mm_last_size
8fc3864c b tmp_buf.2821
8fc3884c b tmp_buf
8fc3894c b ctrlc_disabled
8fc38950 b ctrlc_was_pressed
8fc38954 B mem_malloc_brk
8fc38958 B mem_malloc_start
8fc3895c B mem_malloc_end
8fc38960 b current_mallinfo
8fc38988 b top_pad
8fc3898c b max_sbrked_mem
8fc38990 b max_total_mem
8fc38994 b n_mmaps_max
8fc38998 B env_ptr
8fc3899c b txdata
8fc38b9c b fastbootArgs
8fc38ba4 b bootsel
8fc38bcc B fastboot_ptn
8fc38c14 b pcount
8fc38c18 b ptable
8fc38e98 b PID_DATA
8fc38e9c B usb_device_addr
8fc38ea0 b dlflag.2958
8fc38ea4 b i.2964
8fc38ea8 b dllen.2960
8fc38eac b dlsize.2959
8fc38eb0 b dlbuf.2961
8fc38eb4 b outbuffer.2962
8fc38fb4 b buf.3179
8fc38fdc B last_return_code
8fc38fe0 b top_vars
8fc38fe4 b flag_repeat
8fc38fe8 b do_repeat
8fc38fec b the_command.2981
8fc390ec b local.2965
8fc39102 b map
8fc39204 b ifs
8fc39208 B nesting_level
8fc3920c B lcd_is_enabled
8fc39210 b initted.2893
8fc39214 b hist_max
8fc39218 b hist_add_idx
8fc3921c B hist_num
8fc39220 B hist_list
8fc39270 B hist_lines
8fc3a670 B console_buffer
8fc3a770 b devs
8fc3a7ac B stdio_devices
8fc3a7b8 B usb_started
8fc3a7bc b asynch_allowed
8fc3a7c0 b usb_hub_index
8fc3a7c4 b setup_packet
8fc3a7cc b usb_dev
8fc480cc b dev_index
8fc480d0 b hub_dev
8fc481d0 b running
8fc481d4 b usb_ccb
8fc48264 b usb_dev_desc
8fc48480 b usb_max_devs
8fc48484 b CBWTag
8fc48488 b usb_stor_buf
8fc48688 b usb_stor
8fc4878c b zm_bp
8fc48790 b xyz
8fc48bcc b zm_buf
8fc493cc b lastdec
8fc493d0 b timestamp
8fc493d4 B fastboot_flag
8fc493d8 B ___strtok
8fc493dc B z_verbose
8fc493e0 B errno
8fc493e4 b params
8fc493e8 b part_offset
8fc493ec b cur_dev
8fc493f0 B get_vfatname_block
8fc593f0 B do_fat_read_block
8fc693f0 B get_dentfromdir_block
8fc793f0 B ext4_dev_desc
8fc793f4 B ext4fs_symlinknest
8fc793f8 B ext4fs_root
8fc793fc B ext4fs_indir1_block
8fc79400 B ext4fs_indir1_size
8fc79404 B ext4fs_indir2_block
8fc79408 B ext4fs_indir2_size
8fc7940c B ext4fs_indir3_block
8fc79410 B ext4fs_indir3_size
8fc79414 B ext4fs_file
8fc79418 b symlinknest
8fc7941c B g_parent_inode
8fc79420 b ext4fs_block_dev_desc
8fc79424 b part_info
8fc79470 b tmpbuf
8fc79c70 b mmc_blk_dev
8fc79d48 B cur_card_data
8fc79dc0 B cur_controller_data
8fc79de0 b qh.3142
8fc79e20 b ntds.3144
8fc79e40 b td.3143
8fc79ea0 b qh_list
8fc79ee0 B hcor
8fc79ee4 B rootdev
8fc79ee8 b portreset
8fc79eec B hccr
8fc79f00 B lcd_line_length
8fc79f04 B lcd_base_pri
8fc79f08 B lcd_base_sec
8fc79f0c B lcd_console_address_sec
8fc79f10 B lcd_console_address
8fc79f14 B lcd_console_address_pri
8fc79f18 B lcd_base
8fc79f1c B console_row
8fc79f1e B console_col
8fc79f20 B lcd_color_bg
8fc79f24 B lcd_color_fg
8fc79f28 B lcd_line_length_2
8fc79f2c B _end
